// Jest Snapshot v1, https://goo.gl/fbAQLP

exports[`ListHeaderContainer component should be rendered 1`] = `
.c0 {
  display: -webkit-box;
  display: -webkit-flex;
  display: -ms-flexbox;
  display: flex;
  -webkit-align-items: center;
  -webkit-box-align: center;
  -ms-flex-align: center;
  align-items: center;
  padding: 0 9.5%;
  color: white;
  background: #555555;
}

.c0 .search-buttons-container {
  display: -webkit-box;
  display: -webkit-flex;
  display: -ms-flexbox;
  display: flex;
  -webkit-align-items: center;
  -webkit-box-align: center;
  -ms-flex-align: center;
  align-items: center;
  color: white;
  padding: 20px 0;
}

.c0 .search-buttons-container span {
  -webkit-letter-spacing: 1px;
  -moz-letter-spacing: 1px;
  -ms-letter-spacing: 1px;
  letter-spacing: 1px;
  margin-right: 30px;
  font-size: 20px;
}

.c0 .search-buttons-container button {
  width: auto;
  border: none;
  cursor: pointer;
  height: 30px;
}

.c1 {
  height: 40px;
  display: -webkit-box;
  display: -webkit-flex;
  display: -ms-flexbox;
  display: flex;
  -webkit-align-items: center;
  -webkit-box-align: center;
  -ms-flex-align: center;
  align-items: center;
}

.c2 {
  margin-left: 65%;
}

.c3 {
  background: #F65261;
  border-radius: 3px;
  border-top-left-radius: 3px;
  border-bottom-left-radius: 3px;
  border-bottom-right-radius: 0px;
  border-top-right-radius: 0px;
  color: white;
  outline: none;
  text-transform: uppercase;
  width: auto;
  padding: 5px 10px;
}

.c4 {
  background: rgba(85,85,85,0.5);
  border-radius: 3px;
  border-top-left-radius: 0px;
  border-bottom-left-radius: 0px;
  border-bottom-right-radius: 3px;
  border-top-right-radius: 3px;
  color: white;
  outline: none;
  text-transform: uppercase;
  width: auto;
  padding: 5px 10px;
}

<div
  class="c0"
>
  <div
    class="c1"
  />
  <div
    class="c2"
  >
    <div
      class="search-buttons-container"
    >
      <span>
        SORT BY
      </span>
      <button
        class="c3"
        id="Release Date"
      >
        Release Date
      </button>
      <button
        class="c4"
        id="Rating"
      >
        Rating
      </button>
    </div>
  </div>
</div>
`;
