// Jest Snapshot v1, https://goo.gl/fbAQLP

exports[`SearchContainer to be render 1`] = `null`;
